Archive member included to satisfy reference by file (symbol)

c:/program files/microchip/xc8/v2.36/avr/bin/../lib/gcc/avr/5.4.0/avr5/memx-const\libgcc.a(_copy_data.o)
                              main.o (__do_clear_bss)
c:/program files/microchip/xc8/v2.36/avr/bin/../lib/gcc/avr/5.4.0/../../../../avr/lib/avr5/memx-const\libc.a(exit.o)
                              G:/Microchip Studio/7.0/Packs/atmel/ATmega_DFP/1.6.364/xc8/avr/lib/avr5/memx-const/crtatmega328p.o (exit)
c:/program files/microchip/xc8/v2.36/avr/bin/../lib/gcc/avr/5.4.0/../../../../avr/lib/avr5/memx-const\libc.a(_Exit.o)
                              c:/program files/microchip/xc8/v2.36/avr/bin/../lib/gcc/avr/5.4.0/../../../../avr/lib/avr5/memx-const\libc.a(exit.o) (_Exit)
c:/program files/microchip/xc8/v2.36/avr/bin/../lib/gcc/avr/5.4.0/avr5/memx-const\libgcc.a(_exit.o)
                              c:/program files/microchip/xc8/v2.36/avr/bin/../lib/gcc/avr/5.4.0/../../../../avr/lib/avr5/memx-const\libc.a(_Exit.o) (_exit)

Discarded input sections

 .data          0x0000000000000000        0x0 G:/Microchip Studio/7.0/Packs/atmel/ATmega_DFP/1.6.364/xc8/avr/lib/avr5/memx-const/crtatmega328p.o
 .bss           0x0000000000000000        0x0 G:/Microchip Studio/7.0/Packs/atmel/ATmega_DFP/1.6.364/xc8/avr/lib/avr5/memx-const/crtatmega328p.o
 .text          0x0000000000000000        0x0 dht11.o
 .data          0x0000000000000000        0x0 dht11.o
 .bss           0x0000000000000000        0x0 dht11.o
 .text          0x0000000000000000        0x0 main.o
 .data          0x0000000000000000        0x0 main.o
 .bss           0x0000000000000000        0x0 main.o
 .text.I2C_Stop
                0x0000000000000000        0x8 main.o
 .text.I2C_Write
                0x0000000000000000       0x14 main.o
 .text.I2C_Init
                0x0000000000000000       0x18 main.o
 .text.I2C_Start
                0x0000000000000000       0x10 main.o
 .text.I2C_Read
                0x0000000000000000       0x14 main.o
 .text.Timer1_Init
                0x0000000000000000       0x22 main.o
 .text          0x0000000000000000        0x0 c:/program files/microchip/xc8/v2.36/avr/bin/../lib/gcc/avr/5.4.0/avr5/memx-const\libgcc.a(_copy_data.o)
 .data          0x0000000000000000        0x0 c:/program files/microchip/xc8/v2.36/avr/bin/../lib/gcc/avr/5.4.0/avr5/memx-const\libgcc.a(_copy_data.o)
 .bss           0x0000000000000000        0x0 c:/program files/microchip/xc8/v2.36/avr/bin/../lib/gcc/avr/5.4.0/avr5/memx-const\libgcc.a(_copy_data.o)
 .text.libgcc.mul
                0x0000000000000000        0x0 c:/program files/microchip/xc8/v2.36/avr/bin/../lib/gcc/avr/5.4.0/avr5/memx-const\libgcc.a(_copy_data.o)
 .text.libgcc.div
                0x0000000000000000        0x0 c:/program files/microchip/xc8/v2.36/avr/bin/../lib/gcc/avr/5.4.0/avr5/memx-const\libgcc.a(_copy_data.o)
 .text.libgcc   0x0000000000000000        0x0 c:/program files/microchip/xc8/v2.36/avr/bin/../lib/gcc/avr/5.4.0/avr5/memx-const\libgcc.a(_copy_data.o)
 .text.libgcc.prologue
                0x0000000000000000        0x0 c:/program files/microchip/xc8/v2.36/avr/bin/../lib/gcc/avr/5.4.0/avr5/memx-const\libgcc.a(_copy_data.o)
 .text.libgcc.builtins
                0x0000000000000000        0x0 c:/program files/microchip/xc8/v2.36/avr/bin/../lib/gcc/avr/5.4.0/avr5/memx-const\libgcc.a(_copy_data.o)
 .text.libgcc.fmul
                0x0000000000000000        0x0 c:/program files/microchip/xc8/v2.36/avr/bin/../lib/gcc/avr/5.4.0/avr5/memx-const\libgcc.a(_copy_data.o)
 .text.libgcc.fixed
                0x0000000000000000        0x0 c:/program files/microchip/xc8/v2.36/avr/bin/../lib/gcc/avr/5.4.0/avr5/memx-const\libgcc.a(_copy_data.o)
 .text          0x0000000000000000        0x0 c:/program files/microchip/xc8/v2.36/avr/bin/../lib/gcc/avr/5.4.0/../../../../avr/lib/avr5/memx-const\libc.a(exit.o)
 .data          0x0000000000000000        0x0 c:/program files/microchip/xc8/v2.36/avr/bin/../lib/gcc/avr/5.4.0/../../../../avr/lib/avr5/memx-const\libc.a(exit.o)
 .bss           0x0000000000000000        0x0 c:/program files/microchip/xc8/v2.36/avr/bin/../lib/gcc/avr/5.4.0/../../../../avr/lib/avr5/memx-const\libc.a(exit.o)
 .text          0x0000000000000000        0x0 c:/program files/microchip/xc8/v2.36/avr/bin/../lib/gcc/avr/5.4.0/../../../../avr/lib/avr5/memx-const\libc.a(_Exit.o)
 .data          0x0000000000000000        0x0 c:/program files/microchip/xc8/v2.36/avr/bin/../lib/gcc/avr/5.4.0/../../../../avr/lib/avr5/memx-const\libc.a(_Exit.o)
 .bss           0x0000000000000000        0x0 c:/program files/microchip/xc8/v2.36/avr/bin/../lib/gcc/avr/5.4.0/../../../../avr/lib/avr5/memx-const\libc.a(_Exit.o)
 .text          0x0000000000000000        0x0 c:/program files/microchip/xc8/v2.36/avr/bin/../lib/gcc/avr/5.4.0/avr5/memx-const\libgcc.a(_exit.o)
 .data          0x0000000000000000        0x0 c:/program files/microchip/xc8/v2.36/avr/bin/../lib/gcc/avr/5.4.0/avr5/memx-const\libgcc.a(_exit.o)
 .bss           0x0000000000000000        0x0 c:/program files/microchip/xc8/v2.36/avr/bin/../lib/gcc/avr/5.4.0/avr5/memx-const\libgcc.a(_exit.o)
 .text.libgcc.mul
                0x0000000000000000        0x0 c:/program files/microchip/xc8/v2.36/avr/bin/../lib/gcc/avr/5.4.0/avr5/memx-const\libgcc.a(_exit.o)
 .text.libgcc.div
                0x0000000000000000        0x0 c:/program files/microchip/xc8/v2.36/avr/bin/../lib/gcc/avr/5.4.0/avr5/memx-const\libgcc.a(_exit.o)
 .text.libgcc   0x0000000000000000        0x0 c:/program files/microchip/xc8/v2.36/avr/bin/../lib/gcc/avr/5.4.0/avr5/memx-const\libgcc.a(_exit.o)
 .text.libgcc.prologue
                0x0000000000000000        0x0 c:/program files/microchip/xc8/v2.36/avr/bin/../lib/gcc/avr/5.4.0/avr5/memx-const\libgcc.a(_exit.o)
 .stack.descriptors
                0x0000000000000000       0x13 c:/program files/microchip/xc8/v2.36/avr/bin/../lib/gcc/avr/5.4.0/avr5/memx-const\libgcc.a(_exit.o)
 .text.libgcc.builtins
                0x0000000000000000        0x0 c:/program files/microchip/xc8/v2.36/avr/bin/../lib/gcc/avr/5.4.0/avr5/memx-const\libgcc.a(_exit.o)
 .text.libgcc.fmul
                0x0000000000000000        0x0 c:/program files/microchip/xc8/v2.36/avr/bin/../lib/gcc/avr/5.4.0/avr5/memx-const\libgcc.a(_exit.o)
 .text.libgcc.fixed
                0x0000000000000000        0x0 c:/program files/microchip/xc8/v2.36/avr/bin/../lib/gcc/avr/5.4.0/avr5/memx-const\libgcc.a(_exit.o)

Memory Configuration

Name             Origin             Length             Attributes
text             0x0000000000000000 0x0000000000008000 xr
data             0x0000000000800100 0x0000000000000800 rw !x
eeprom           0x0000000000810000 0x0000000000000400 rw !x
fuse             0x0000000000820000 0x0000000000000003 rw !x
lock             0x0000000000830000 0x0000000000000400 rw !x
signature        0x0000000000840000 0x0000000000000400 rw !x
user_signatures  0x0000000000850000 0x0000000000000400 rw !x
*default*        0x0000000000000000 0xffffffffffffffff

Linker script and memory map

Address of section .data set to 0x800100
LOAD G:/Microchip Studio/7.0/Packs/atmel/ATmega_DFP/1.6.364/xc8/avr/lib/avr5/memx-const/crtatmega328p.o
LOAD dht11.o
LOAD main.o
START GROUP
LOAD c:/program files/microchip/xc8/v2.36/avr/bin/../lib/gcc/avr/5.4.0/../../../../avr/lib/avr5/memx-const\libm.a
END GROUP
START GROUP
LOAD c:/program files/microchip/xc8/v2.36/avr/bin/../lib/gcc/avr/5.4.0/avr5/memx-const\libgcc.a
LOAD c:/program files/microchip/xc8/v2.36/avr/bin/../lib/gcc/avr/5.4.0/../../../../avr/lib/avr5/memx-const\libm.a
LOAD c:/program files/microchip/xc8/v2.36/avr/bin/../lib/gcc/avr/5.4.0/../../../../avr/lib/avr5/memx-const\libc.a
LOAD G:/Microchip Studio/7.0/Packs/atmel/ATmega_DFP/1.6.364/xc8/avr/lib/avr5/memx-const\libatmega328p.a
END GROUP
                0x0000000000000000                __TEXT_REGION_ORIGIN__ = DEFINED (__TEXT_REGION_ORIGIN__)?__TEXT_REGION_ORIGIN__:0x0
                [0x0000000000800100]                __DATA_REGION_ORIGIN__ = DEFINED (__DATA_REGION_ORIGIN__)?__DATA_REGION_ORIGIN__:0x800060
                [0x0000000000008000]                __TEXT_REGION_LENGTH__ = DEFINED (__TEXT_REGION_LENGTH__)?__TEXT_REGION_LENGTH__:0x20000
                [0x0000000000000800]                __DATA_REGION_LENGTH__ = DEFINED (__DATA_REGION_LENGTH__)?__DATA_REGION_LENGTH__:0xffa0
                [0x0000000000000400]                __EEPROM_REGION_LENGTH__ = DEFINED (__EEPROM_REGION_LENGTH__)?__EEPROM_REGION_LENGTH__:0x10000
                [0x0000000000000003]                __FUSE_REGION_LENGTH__ = DEFINED (__FUSE_REGION_LENGTH__)?__FUSE_REGION_LENGTH__:0x400
                0x0000000000000400                __LOCK_REGION_LENGTH__ = DEFINED (__LOCK_REGION_LENGTH__)?__LOCK_REGION_LENGTH__:0x400
                0x0000000000000400                __SIGNATURE_REGION_LENGTH__ = DEFINED (__SIGNATURE_REGION_LENGTH__)?__SIGNATURE_REGION_LENGTH__:0x400
                0x0000000000000400                __USER_SIGNATURE_REGION_LENGTH__ = DEFINED (__USER_SIGNATURE_REGION_LENGTH__)?__USER_SIGNATURE_REGION_LENGTH__:0x400

.hash
 *(.hash)

.dynsym
 *(.dynsym)

.dynstr
 *(.dynstr)

.gnu.version
 *(.gnu.version)

.gnu.version_d
 *(.gnu.version_d)

.gnu.version_r
 *(.gnu.version_r)

.rel.init
 *(.rel.init)

.rela.init
 *(.rela.init)

.rel.text
 *(.rel.text)
 *(.rel.text.*)
 *(.rel.gnu.linkonce.t*)

.rela.text
 *(.rela.text)
 *(.rela.text.*)
 *(.rela.gnu.linkonce.t*)

.rel.fini
 *(.rel.fini)

.rela.fini
 *(.rela.fini)

.rel.rodata
 *(.rel.rodata)
 *(.rel.rodata.*)
 *(.rel.gnu.linkonce.r*)

.rela.rodata
 *(.rela.rodata)
 *(.rela.rodata.*)
 *(.rela.gnu.linkonce.r*)

.rel.data
 *(.rel.data)
 *(.rel.data.*)
 *(.rel.gnu.linkonce.d*)

.rela.data
 *(.rela.data)
 *(.rela.data.*)
 *(.rela.gnu.linkonce.d*)

.rel.ctors
 *(.rel.ctors)

.rela.ctors
 *(.rela.ctors)

.rel.dtors
 *(.rel.dtors)

.rela.dtors
 *(.rela.dtors)

.rel.got
 *(.rel.got)

.rela.got
 *(.rela.got)

.rel.bss
 *(.rel.bss)

.rela.bss
 *(.rela.bss)

.rel.plt
 *(.rel.plt)

.rela.plt
 *(.rela.plt)

.text           0x0000000000000000       0xbe
 *(.vectors)
 .vectors       0x0000000000000000       0x68 G:/Microchip Studio/7.0/Packs/atmel/ATmega_DFP/1.6.364/xc8/avr/lib/avr5/memx-const/crtatmega328p.o
                0x0000000000000000                __vector_default
                0x0000000000000000                __vectors
 *(.vectors)
 *(.progmem.gcc*)
 *(.dinit)
 .dinit         0x0000000000000068        0x5 data_init
                0x000000000000006e                . = ALIGN (0x2)
 *fill*         0x000000000000006d        0x1 
                0x000000000000006e                __trampolines_start = .
 *(.trampolines)
 .trampolines   0x000000000000006e        0x0 linker stubs
 *(.trampolines*)
                0x000000000000006e                __trampolines_end = .
 *libprintf_flt.a:*(.progmem.data)
 *libc.a:*(.progmem.data)
                0x000000000000006e                . = ALIGN (0x2)
 *(.jumptables)
 *(.jumptables*)
 *(.lowtext)
 *(.lowtext*)
                0x000000000000006e                __ctors_start = .
 *(.ctors)
                0x000000000000006e                __ctors_end = .
                0x000000000000006e                __dtors_start = .
 *(.dtors)
                0x000000000000006e                __dtors_end = .
 SORT(*)(.ctors)
 SORT(*)(.dtors)
 *(.init0)
 .init0         0x000000000000006e        0x0 G:/Microchip Studio/7.0/Packs/atmel/ATmega_DFP/1.6.364/xc8/avr/lib/avr5/memx-const/crtatmega328p.o
                0x000000000000006e                __init
 *(.init0)
 *(.init1)
 *(.init1)
 *(.init2)
 .init2         0x000000000000006e        0xc G:/Microchip Studio/7.0/Packs/atmel/ATmega_DFP/1.6.364/xc8/avr/lib/avr5/memx-const/crtatmega328p.o
 *(.init2)
 *(.init3)
 *(.init3)
 *(.init4)
 .init4         0x000000000000007a       0x3c c:/program files/microchip/xc8/v2.36/avr/bin/../lib/gcc/avr/5.4.0/avr5/memx-const\libgcc.a(_copy_data.o)
                0x000000000000007a                __do_copy_data
                0x00000000000000a8                __do_clear_bss
 *(.init4)
 *(.init5)
 *(.init5)
 *(.init6)
 *(.init6)
 *(.init7)
 *(.init7)
 *(.init8)
 *(.init8)
 *(.init9)
 .init9         0x00000000000000b6        0x4 G:/Microchip Studio/7.0/Packs/atmel/ATmega_DFP/1.6.364/xc8/avr/lib/avr5/memx-const/crtatmega328p.o
 *(.init9)
                0x00000000000000ba                . = ALIGN (0x2)
 *(.fini9)
 .fini9         0x00000000000000ba        0x0 c:/program files/microchip/xc8/v2.36/avr/bin/../lib/gcc/avr/5.4.0/avr5/memx-const\libgcc.a(_exit.o)
                0x00000000000000ba                _exit
 *(.fini9)
 *(.fini8)
 *(.fini8)
 *(.fini7)
 *(.fini7)
 *(.fini6)
 *(.fini6)
 *(.fini5)
 *(.fini5)
 *(.fini4)
 *(.fini4)
 *(.fini3)
 *(.fini3)
 *(.fini2)
 *(.fini2)
 *(.fini1)
 *(.fini1)
 *(.fini0)
 .fini0         0x00000000000000ba        0x4 c:/program files/microchip/xc8/v2.36/avr/bin/../lib/gcc/avr/5.4.0/avr5/memx-const\libgcc.a(_exit.o)
 *(.fini0)
                0x00000000000000be                _etext = .

.data           0x0000000000800100        0x0 load address 0x00000000000000be
                [!provide]                        PROVIDE (__data_start, .)
 *(.gnu.linkonce.d*)
 *(.gnu.linkonce.r*)
                0x0000000000800100                . = ALIGN (0x2)
                0x0000000000800100                _edata = .
                [!provide]                        PROVIDE (__data_end, .)

.bss            0x0000000000800100        0x0
                [!provide]                        PROVIDE (__bss_start, .)
 *(COMMON)
                [!provide]                        PROVIDE (__bss_end, .)
                0x00000000000000be                __data_load_start = LOADADDR (.data)
                0x00000000000000be                __data_load_end = (__data_load_start + SIZEOF (.data))

.noinit         0x0000000000800100        0x0
                [!provide]                        PROVIDE (__noinit_start, .)
 *(.noinit*)
                [!provide]                        PROVIDE (__noinit_end, .)
                0x0000000000800100                _end = .

.eeprom         0x0000000000810000        0x0
 *(.eeprom*)
                0x0000000000810000                __eeprom_end = .

.fuse
 *(.fuse)
 *(.lfuse)
 *(.hfuse)
 *(.efuse)

.lock
 *(.lock*)

.signature
 *(.signature*)

.user_signatures
 *(.user_signatures*)

.stab
 *(.stab)

.stabstr
 *(.stabstr)

.stab.excl
 *(.stab.excl)

.stab.exclstr
 *(.stab.exclstr)

.stab.index
 *(.stab.index)

.stab.indexstr
 *(.stab.indexstr)

.comment        0x0000000000000000       0x2f
 *(.comment)
 .comment       0x0000000000000000       0x2f dht11.o
                                         0x30 (size before relaxing)
 .comment       0x000000000000002f       0x30 main.o
 .comment       0x000000000000002f       0x30 c:/program files/microchip/xc8/v2.36/avr/bin/../lib/gcc/avr/5.4.0/../../../../avr/lib/avr5/memx-const\libc.a(exit.o)
 .comment       0x000000000000002f       0x30 c:/program files/microchip/xc8/v2.36/avr/bin/../lib/gcc/avr/5.4.0/../../../../avr/lib/avr5/memx-const\libc.a(_Exit.o)

.note.GNU-stack
                0x0000000000000000        0x0
 .note.GNU-stack
                0x0000000000000000        0x0 c:/program files/microchip/xc8/v2.36/avr/bin/../lib/gcc/avr/5.4.0/../../../../avr/lib/avr5/memx-const\libc.a(exit.o)
 .note.GNU-stack
                0x0000000000000000        0x0 c:/program files/microchip/xc8/v2.36/avr/bin/../lib/gcc/avr/5.4.0/../../../../avr/lib/avr5/memx-const\libc.a(_Exit.o)

.stack.descriptors.hdr
                0x0000000000000000        0xe
 .stack.descriptors.hdr
                0x0000000000000000        0xe c:/program files/microchip/xc8/v2.36/avr/bin/../lib/gcc/avr/5.4.0/avr5/memx-const\libgcc.a(_exit.o)

.note.gnu.build-id
 *(.note.gnu.build-id)

.debug
 *(.debug)

.line
 *(.line)

.debug_srcinfo
 *(.debug_srcinfo)

.debug_sfnames
 *(.debug_sfnames)

.debug_aranges
 *(.debug_aranges)

.debug_pubnames
 *(.debug_pubnames)

.debug_info     0x0000000000000000      0x5f4
 *(.debug_info .gnu.linkonce.wi.*)
 .debug_info    0x0000000000000000      0x5f4 G:/Microchip Studio/7.0/Packs/atmel/ATmega_DFP/1.6.364/xc8/avr/lib/avr5/memx-const/crtatmega328p.o

.debug_abbrev   0x0000000000000000      0x5a2
 *(.debug_abbrev)
 .debug_abbrev  0x0000000000000000      0x5a2 G:/Microchip Studio/7.0/Packs/atmel/ATmega_DFP/1.6.364/xc8/avr/lib/avr5/memx-const/crtatmega328p.o

.debug_line     0x0000000000000000      0x137
 *(.debug_line .debug_line.* .debug_line_end)
 .debug_line    0x0000000000000000      0x137 G:/Microchip Studio/7.0/Packs/atmel/ATmega_DFP/1.6.364/xc8/avr/lib/avr5/memx-const/crtatmega328p.o

.debug_frame
 *(.debug_frame)

.debug_str      0x0000000000000000      0x208
 *(.debug_str)
 .debug_str     0x0000000000000000      0x208 G:/Microchip Studio/7.0/Packs/atmel/ATmega_DFP/1.6.364/xc8/avr/lib/avr5/memx-const/crtatmega328p.o

.debug_loc
 *(.debug_loc)

.debug_macinfo
 *(.debug_macinfo)

.debug_weaknames
 *(.debug_weaknames)

.debug_funcnames
 *(.debug_funcnames)

.debug_typenames
 *(.debug_typenames)

.debug_varnames
 *(.debug_varnames)

.debug_pubtypes
 *(.debug_pubtypes)

.debug_ranges
 *(.debug_ranges)

.debug_macro
 *(.debug_macro)
OUTPUT(XC8Application1.elf elf32-avr)
LOAD linker stubs
LOAD data_init

.note.gnu.avr.deviceinfo
                0x0000000000000000       0x40
 .note.gnu.avr.deviceinfo
                0x0000000000000000       0x40 G:/Microchip Studio/7.0/Packs/atmel/ATmega_DFP/1.6.364/xc8/avr/lib/avr5/memx-const/crtatmega328p.o

.text.exit      0x00000000000000be        0xe
 .text.exit     0x00000000000000be        0xe c:/program files/microchip/xc8/v2.36/avr/bin/../lib/gcc/avr/5.4.0/../../../../avr/lib/avr5/memx-const\libc.a(exit.o)
                0x00000000000000be                exit

.text.startup.main
                0x00000000000000cc       0x88
 .text.startup.main
                0x00000000000000cc       0x88 main.o
                0x00000000000000cc                main

.text.__dummy_fini
                0x0000000000000154        0x2
 .text.__dummy_fini
                0x0000000000000154        0x2 c:/program files/microchip/xc8/v2.36/avr/bin/../lib/gcc/avr/5.4.0/../../../../avr/lib/avr5/memx-const\libc.a(exit.o)
                0x0000000000000154                _fini

.text.__dummy_simulator_exit
                0x0000000000000156        0x2
 .text.__dummy_simulator_exit
                0x0000000000000156        0x2 c:/program files/microchip/xc8/v2.36/avr/bin/../lib/gcc/avr/5.4.0/../../../../avr/lib/avr5/memx-const\libc.a(exit.o)
                0x0000000000000156                __simulator_exit

.text._Exit     0x0000000000000158        0x2
 .text._Exit    0x0000000000000158        0x2 c:/program files/microchip/xc8/v2.36/avr/bin/../lib/gcc/avr/5.4.0/../../../../avr/lib/avr5/memx-const\libc.a(_Exit.o)
                0x0000000000000158                _Exit

.text.__dummy_funcs_on_exit
                0x000000000000015a        0x2
 .text.__dummy_funcs_on_exit
                0x000000000000015a        0x2 c:/program files/microchip/xc8/v2.36/avr/bin/../lib/gcc/avr/5.4.0/../../../../avr/lib/avr5/memx-const\libc.a(exit.o)
                0x000000000000015a                __funcs_on_exit

.text.read_byte
                0x000000000000015c       0x24
 .text.read_byte
                0x000000000000015c       0x24 dht11.o
                0x000000000000015c                read_byte

.text.check_response
                0x0000000000000180       0x26
 .text.check_response
                0x0000000000000180       0x26 dht11.o
                0x0000000000000180                check_response

.text.request   0x00000000000001a6       0x22
 .text.request  0x00000000000001a6       0x22 dht11.o
                0x00000000000001a6                request

.text           0x00000000000001c8        0x2
 .text          0x00000000000001c8        0x2 G:/Microchip Studio/7.0/Packs/atmel/ATmega_DFP/1.6.364/xc8/avr/lib/avr5/memx-const/crtatmega328p.o
                0x00000000000001c8                __vector_22
                0x00000000000001c8                __vector_1
                0x00000000000001c8                __vector_24
                0x00000000000001c8                __vector_12
                0x00000000000001c8                __bad_interrupt
                0x00000000000001c8                __vector_6
                0x00000000000001c8                __vector_3
                0x00000000000001c8                __vector_23
                0x00000000000001c8                __vector_25
                0x00000000000001c8                __vector_13
                0x00000000000001c8                __vector_17
                0x00000000000001c8                __vector_19
                0x00000000000001c8                __vector_7
                0x00000000000001c8                __vector_5
                0x00000000000001c8                __vector_4
                0x00000000000001c8                __vector_9
                0x00000000000001c8                __vector_2
                0x00000000000001c8                __vector_21
                0x00000000000001c8                __vector_15
                0x00000000000001c8                __vector_8
                0x00000000000001c8                __vector_14
                0x00000000000001c8                __vector_10
                0x00000000000001c8                __vector_16
                0x00000000000001c8                __vector_18
                0x00000000000001c8                __vector_20

.text.__vector_11
                0x00000000000001ca        0xc
 .text.__vector_11
                0x00000000000001ca        0xc main.o
                0x00000000000001ca                __vector_11

.bss.flag_1seg  0x0000000000800100        0x1
 .bss.flag_1seg
                0x0000000000800100        0x1 main.o
                0x0000000000800100                flag_1seg
